TAP version 13
# Subtest: LEGACY-XLS-LAYOUT-001 Given representative sheet shapes When classifying Then core layout families are detected
ok 1 - LEGACY-XLS-LAYOUT-001 Given representative sheet shapes When classifying Then core layout families are detected
  ---
  duration_ms: 2.7279
  type: 'test'
  ...
# Subtest: LEGACY-XLS-LAYOUT-002 Given synthetic workbooks When dry-running Then workbook and sheet layouts are summarized safely
ok 2 - LEGACY-XLS-LAYOUT-002 Given synthetic workbooks When dry-running Then workbook and sheet layouts are summarized safely
  ---
  duration_ms: 76.115
  type: 'test'
  ...
# Subtest: LEGACY-XLS-LAYOUT-003 Given 2015-2017 xls originals When dry-running all Then 83 workbooks are classified and counted
ok 3 - LEGACY-XLS-LAYOUT-003 Given 2015-2017 xls originals When dry-running all Then 83 workbooks are classified and counted
  ---
  duration_ms: 1449.1435
  type: 'test'
  ...
# Subtest: LEGACY-XLS-LAYOUT-004 Given operator CLI When writing layout evidence Then reports include counts and do not mutate service data
ok 4 - LEGACY-XLS-LAYOUT-004 Given operator CLI When writing layout evidence Then reports include counts and do not mutate service data
  ---
  duration_ms: 1630.4159
  type: 'test'
  ...
1..4
# tests 4
# suites 0
# pass 4
# fail 0
# cancelled 0
# skipped 0
# todo 0
# duration_ms 3393.6459
