TAP version 13
# Subtest: LEGACY-FIXTURE-GUARD-001 Given private originals are unavailable When normalization tests run Then original-dependent cases skip instead of failing
not ok 1 - LEGACY-FIXTURE-GUARD-001 Given private originals are unavailable When normalization tests run Then original-dependent cases skip instead of failing
  ---
  duration_ms: 136.989
  type: 'test'
  location: 'C:\\Users\\SAMSUNG\\Documents\\GitHub\\athletetime\\backend\\tests\\legacy-original-fixture-guard.test.js:10:1'
  failureType: 'testCodeFailure'
  error: |-
    The input did not match the regular expression /# skipped 3/u. Input:

    ''

  code: 'ERR_ASSERTION'
  name: 'AssertionError'
  expected:
  actual: ''
  operator: 'match'
  stack: |-
    TestContext.<anonymous> (C:\Users\SAMSUNG\Documents\GitHub\athletetime\backend\tests\legacy-original-fixture-guard.test.js:28:10)
    Test.runInAsyncScope (node:async_hooks:214:14)
    Test.run (node:internal/test_runner/test:1047:25)
    Test.start (node:internal/test_runner/test:944:17)
    startSubtestAfterBootstrap (node:internal/test_runner/harness:296:17)
  ...
1..1
# tests 1
# suites 0
# pass 0
# fail 1
# cancelled 0
# skipped 0
# todo 0
# duration_ms 282.3852
